// Jest Snapshot v1, https://goo.gl/fbAQLP

exports[`Pruebas con Multiples Hooks Debe mostrarse correctamente 1`] = `
<div
  className="container"
>
  <h1
    className="text-center"
  >
    BreakingBad Quotes
  </h1>
  <hr />
  <div
    className="alert alert-info text-center"
  >
    Loading...
  </div>
  <button
    className="btn btn-primary"
    onClick={[Function]}
  >
    Siguiente quote
  </button>
</div>
`;
